// Jest Snapshot v1, https://goo.gl/fbAQLP

exports[`Test the Country Component should match to snapshot 1`] = `
<div
  className="country__list"
/>
`;
